01   0000                 DEVICE ZXSPECTRUM128
02   0000             
03   0000                 include "../module.inc"
01+  0000             ;romAddr        = 0
02+  0000             ;screenAddr     = 4000h
03+  0000             ;cacheAddr      = 5B00h
04+  0000             
05+  0000             irqTableAddr      = 5F00h
06+  0000             irqAddr           = 6060h
07+  0000             stackBeginAddr    = 6001h
08+  0000             stackEndAddr      = 605Fh
09+  0000             baseAddr          = 6063h
10+  0000             moduleLoadAddr    = 7000h
11+  0000             moverAddr         = 8000h
12+  0000             
13+  0000             gEnd = baseAddr
14+  0000             
15+  0000             ; Функции
16+  0000             gDrawText         = gEnd
17+  0000             gEnd = gEnd + 3
18+  0000             gDrawTextCenter   = gEnd
19+  0000             gEnd = gEnd + 3
20+  0000             gDrawTextEx       = gEnd
21+  0000             gEnd = gEnd + 3
22+  0000             gClearScreen      = gEnd
23+  0000             gEnd = gEnd + 3
24+  0000             gDrawImage        = gEnd
25+  0000             gEnd = gEnd + 3
26+  0000             gMeasureText      = gEnd
27+  0000             gEnd = gEnd + 3
28+  0000             gCalcCoords       = gEnd
29+  0000             gEnd = gEnd + 3
30+  0000             gDrawCharSub      = gEnd
31+  0000             gEnd = gEnd + 3
32+  0000             gExec             = gEnd
33+  0000             gEnd = gEnd + 3
34+  0000             gLoadFile         = gEnd
35+  0000             gEnd = gEnd + 3
36+  0000             gFarCall          = gEnd
37+  0000             gEnd = gEnd + 3
38+  0000             gIrqHandler       = gEnd
39+  0000             gEnd = gEnd + 3
40+  0000             gDrawPanel        = gEnd
41+  0000             gEnd = gEnd + 3
42+  0000             gBeginDraw        = gEnd
43+  0000             gEnd = gEnd + 3
44+  0000             gEndDraw          = gEnd
45+  0000             gEnd = gEnd + 3
46+  0000             gCopyVideoPage    = gEnd
47+  0000             gEnd = gEnd + 3
48+  0000             gPanelRedraw      = gEnd
49+  0000             gEnd = gEnd + 3
50+  0000             gCopyPanel        = gEnd
51+  0000             gEnd = gEnd + 3
52+  0000             gStringBuffer     = gEnd
53+  0000             gStringBufferSize = 32
54+  0000             gEnd = gEnd + gStringBufferSize
55+  0000             
56+  0000             ; Переменные
57+  0000             gFrame            = gEnd
58+  0000             gEnd = gEnd + 1
59+  0000             gVideoPage        = gEnd
60+  0000             gEnd = gEnd + 1
61+  0000             gSystemPage       = gEnd
62+  0000             gEnd = gEnd + 1
63+  0000             gKeyTrigger       = gEnd
64+  0000             gEnd = gEnd + 1
65+  0000             gKeyPressed       = gEnd
66+  0000             gEnd = gEnd + 1
67+  0000             gPlayerMoney      = gEnd
68+  0000             gEnd = gEnd + 2
69+  0000             gPlayerLut        = gEnd
70+  0000             playerLutMax = 12
71+  0000             gEnd = gEnd + 2 * playerLutMax
72+  0000             gPlayerLutCount   = gEnd
73+  0000             gEnd = gEnd + 1
74+  0000             gPlayerItems      = gEnd
75+  0000             playerItemsMax = 5
76+  0000             gEnd = gEnd + playerItemsMax
77+  0000             gPlayerItemsCount = gEnd
78+  0000             gEnd = gEnd + 1
79+  0000             gPanelChangedA    = gEnd
80+  0000             gEnd = gEnd + 1
81+  0000             gPanelChangedB    = gEnd
82+  0000             gEnd = gEnd + 1
83+  0000             gPlayerSecondWeaponCount = gEnd
84+  0000             gEnd = gEnd + 1
85+  0000             gPlayerSecondWeaponCounters = gEnd
86+  0000             secondWeaponMax = 9
87+  0000             gEnd = gEnd + secondWeaponMax
88+  0000             gPlayerSecondWeaponSel = gEnd
89+  0000             gEnd = gEnd + 1
90+  0000             
91+  0000             ; Другие модули
92+  0000             gPanelgraphPage = 6
93+  0000             gPanelgraph = 0C003h
94+  0000             gPanelX = 0
95+  0000             gPanelY = 20
96+  0000             
04   0000             
05   0000                 org moverAddr
06   8000             
07   8000             begin: 
08   8000                 ; Выключение прерываний
09   8000 F3              DI
10   8001             
11   8001                 ; Перенос модуля
12   8001 21 60 80        LD HL, baseCode
13   8004 11 63 60        LD DE, baseAddr
14   8007 01 90 0C        LD BC, baseCodeEnd - baseCode
15   800A ED B0           LDIR
16   800C             
17   800C                 ; Инициализация стека
18   800C 31 5F 60        LD    SP, stackEndAddr
19   800F             
20   800F                 ; Выбор второй видеостраницы
21   800F AF              XOR   A
22   8010 32 BA 60        LD    (gVideoPage), A
23   8013 3E 17           LD    A, 17h
24   8015 32 BB 60        LD    (gSystemPage), A
25   8018 01 FD 7F        LD    BC, 7FFDh
26   801B ED 79           OUT   (C), A
27   801D             
28   801D                 ; Установка обработчика прерываний
29   801D 21 00 5F        LD    HL, irqTableAddr
30   8020 11 01 5F        LD    DE, irqTableAddr + 1
31   8023 01 00 01        LD    BC, 100h
32   8026 36 60           LD    (HL), irqAddr
33   8028 7C              LD    A, H
34   8029 ED B0           LDIR
35   802B ED 47           LD    I, A
36   802D 3E C3           LD    A, 195 ; Код команды JP
37   802F 32 60 60        LD    (irqAddr), A
38   8032 21 84 60        LD    HL, gIrqHandler
39   8035 22 61 60        LD    (irqAddr + 1), HL
40   8038 ED 5E           IM    2
41   803A FB              EI
42   803B             
43   803B                 ; Загрузка файла DIALOG
44   803B 3E 16           LD    A, 6 | 0x10
45   803D 01 FD 7F        LD    BC, 7FFDh
46   8040 32 BB 60        LD    (gSystemPage), A
47   8043 ED 79           OUT   (C), A
48   8045 21 59 80        LD    HL, aDialog
49   8048 11 00 C0        LD    DE, 0C000h
50   804B CD 7E 60        CALL  gLoadFile
51   804E             
52   804E                 ; Загрузка файла
53   804E 21 54 80        LD    HL, aStart
54   8051 C3 7B 60        JP    gExec
55   8054             
56   8054 6369747900  aStart db "city", 0
57   8059             ;aStart db "menu", 0
58   8059             aDialog db "dialog", 0
58   8059 6469616C6F6700
59   8060             
60   8060             baseCode: 
61   8060                 incbin "base.bin"
62   8CF0             baseCodeEnd: 
63   8CF0             
01   8CF0                 savebin "base/base.C", begin, $ - begin
02   8CF0             
