01   0000                     DEVICE ZXSPECTRUM128
02   0000             
03   0000                     include "../module.inc"
01+  0000             ;romAddr        = 0
02+  0000             ;screenAddr     = 4000h
03+  0000             ;cacheAddr      = 5B00h
04+  0000             
05+  0000             irqTableAddr      = 5F00h
06+  0000             irqAddr           = 6060h
07+  0000             stackBeginAddr    = 6001h
08+  0000             stackEndAddr      = 605Fh
09+  0000             baseAddr          = 6063h
10+  0000             moduleLoadAddr    = 7000h
11+  0000             moverAddr         = 8000h
12+  0000             
13+  0000             gEnd = baseAddr
14+  0000             
15+  0000             ; Функции
16+  0000             gDrawText         = gEnd
17+  0000             gEnd = gEnd + 3
18+  0000             gDrawTextCenter   = gEnd
19+  0000             gEnd = gEnd + 3
20+  0000             gDrawTextEx       = gEnd
21+  0000             gEnd = gEnd + 3
22+  0000             gClearScreen      = gEnd
23+  0000             gEnd = gEnd + 3
24+  0000             gDrawImage        = gEnd
25+  0000             gEnd = gEnd + 3
26+  0000             gMeasureText      = gEnd
27+  0000             gEnd = gEnd + 3
28+  0000             gCalcCoords       = gEnd
29+  0000             gEnd = gEnd + 3
30+  0000             gDrawCharSub      = gEnd
31+  0000             gEnd = gEnd + 3
32+  0000             gExec             = gEnd
33+  0000             gEnd = gEnd + 3
34+  0000             gLoadFile         = gEnd
35+  0000             gEnd = gEnd + 3
36+  0000             gFarCall          = gEnd
37+  0000             gEnd = gEnd + 3
38+  0000             gIrqHandler       = gEnd
39+  0000             gEnd = gEnd + 3
40+  0000             gDrawPanel        = gEnd
41+  0000             gEnd = gEnd + 3
42+  0000             gBeginDraw        = gEnd
43+  0000             gEnd = gEnd + 3
44+  0000             gEndDraw          = gEnd
45+  0000             gEnd = gEnd + 3
46+  0000             gCopyVideoPage    = gEnd
47+  0000             gEnd = gEnd + 3
48+  0000             gPanelRedraw      = gEnd
49+  0000             gEnd = gEnd + 3
50+  0000             gCopyPanel        = gEnd
51+  0000             gEnd = gEnd + 3
52+  0000             gStringBuffer     = gEnd
53+  0000             gStringBufferSize = 32
54+  0000             gEnd = gEnd + gStringBufferSize
55+  0000             
56+  0000             ; Переменные
57+  0000             gFrame            = gEnd
58+  0000             gEnd = gEnd + 1
59+  0000             gVideoPage        = gEnd
60+  0000             gEnd = gEnd + 1
61+  0000             gSystemPage       = gEnd
62+  0000             gEnd = gEnd + 1
63+  0000             gKeyTrigger       = gEnd
64+  0000             gEnd = gEnd + 1
65+  0000             gKeyPressed       = gEnd
66+  0000             gEnd = gEnd + 1
67+  0000             gPlayerMoney      = gEnd
68+  0000             gEnd = gEnd + 2
69+  0000             gPlayerLut        = gEnd
70+  0000             playerLutMax = 12
71+  0000             gEnd = gEnd + 2 * playerLutMax
72+  0000             gPlayerLutCount   = gEnd
73+  0000             gEnd = gEnd + 1
74+  0000             gPlayerItems      = gEnd
75+  0000             playerItemsMax = 5
76+  0000             gEnd = gEnd + playerItemsMax
77+  0000             gPlayerItemsCount = gEnd
78+  0000             gEnd = gEnd + 1
79+  0000             gPanelChangedA    = gEnd
80+  0000             gEnd = gEnd + 1
81+  0000             gPanelChangedB    = gEnd
82+  0000             gEnd = gEnd + 1
83+  0000             gPlayerSecondWeaponCount = gEnd
84+  0000             gEnd = gEnd + 1
85+  0000             gPlayerSecondWeaponCounters = gEnd
86+  0000             secondWeaponMax = 9
87+  0000             gEnd = gEnd + secondWeaponMax
88+  0000             gPlayerSecondWeaponSel = gEnd
89+  0000             gEnd = gEnd + 1
90+  0000             
91+  0000             ; Другие модули
92+  0000             gPanelgraphPage = 6
93+  0000             gPanelgraph = 0C003h
94+  0000             gPanelX = 0
95+  0000             gPanelY = 20
96+  0000             
04   0000             
05   0000             DOS=15619
06   0000             BASE=moverAddr
07   0000             NUMBER=0Eh
08   0000             CLEAR=0FDh
09   0000             RANDOMIZE=0F9h
10   0000             USR=0C0h
11   0000             REM=0EAh
12   0000             LOAD=0EFh
13   0000             CODE=0AFh
14   0000             EOL=0Dh
15   0000             
16   0000                     org 4000h
17   4000             begin: 
18   4000 00 0A       Basic:   db 0, 10
19   4002 23 00               db Line1e - Line1, 0
20   4004             Line1: 
21   4004                     db CLEAR, '0', NUMBER, 0, 0, BASE & 0FFh, BASE >> 8, 0 
21   4004 FD300E0000008000
22   400C                     db ':', RANDOMIZE, USR, '0', 0Eh, 0, 0, DOS & 0FFh, DOS >> 8, 0
22   400C 3AF9C0300E0000033D00
23   4016 3A EA               db ':', REM
24   4018                     db ':', LOAD, '"', 'b', 'a', 's', 'e', '"', CODE, '0' + (BASE / 10000) % 10
24   4018 3AEF226261736522AF33
25   4022 32 37 36 38         db '0' + (BASE / 1000) % 10, '0'+ (BASE / 100) % 10, '0' + (BASE / 10) % 10, '0' + BASE % 10
26   4026 0D                  db EOL
27   4027             Line1e: 
28   4027 00 14               db 0, 20
29   4029 0A 00               db Line2e - Line2, 0
30   402B             Line2:   db RANDOMIZE, USR, '0', NUMBER, 0, 0, BASE & 0FFh, BASE >> 8, 0
30   402B F9C0300E0000008000
31   4034 0D                  db EOL
32   4035             Line2e: 
33   4035             
01   4035                 savebin "boot/boot.B", begin, $ - begin
02   4035             
